{
["m"]="d",
["s"]="2.4.21",
["d"]={
["expanded"]=false,
["load"]={
["difficulty"]={
["multi"]={
},
},
["faction"]={
["multi"]={
},
},
["class"]={
["single"]="DEMONHUNTER",
},
["talent"]={
["multi"]={
},
},
["race"]={
["multi"]={
},
},
["use_class"]="true",
["role"]={
["multi"]={
},
},
["talent2"]={
["multi"]={
},
},
["pvptalent"]={
["multi"]={
},
},
},
["selfPoint"]="BOTTOMLEFT",
["id"]="集中值",
["activeTriggerMode"]=-10,
["numTriggers"]=1,
["disjunctive"]="all",
["regionType"]="group",
},
["v"]=1421,
["a"]={
},
["c"]={
[1]={
["yOffset"]=-200,
["width"]=260,
["id"]="集中4",
["backdropColor"]={
[4]=1,
},
["regionType"]="aurabar",
["backgroundColor"]={
[1]=0.37647058823529,
[2]=0.37254901960784,
[3]=0.36862745098039,
[4]=0.75,
},
["trigger"]={
["power_operator"]="<",
["custom_hide"]="timed",
["power"]="32",
["use_powertype"]=true,
["unevent"]="auto",
["powertype"]=17,
["use_power"]=true,
["event"]="Power",
["type"]="status",
["use_unit"]=true,
},
["fontFlags"]="OUTLINE",
["borderBackdrop"]="Blizzard Dialog Background Dark",
["init_started"]=1,
["borderOffset"]=11,
["borderSize"]=1,
["texture"]="Armory",
["disjunctive"]="all",
["displayTextRight"]=" ",
["icon"]=false,
["border"]=true,
["borderColor"]={
[1]=0,
[2]=0,
[3]=0,
[4]=1,
},
["borderInset"]=7,
["timer"]=false,
["text"]=false,
["numTriggers"]=1,
["load"]={
["difficulty"]={
["multi"]={
},
},
["faction"]={
["multi"]={
},
},
["class"]={
["single"]="DEMONHUNTER",
},
["talent"]={
["multi"]={
},
},
["race"]={
["multi"]={
},
},
["use_class"]=true,
["role"]={
["multi"]={
},
},
["talent2"]={
["multi"]={
},
},
["pvptalent"]={
["multi"]={
},
},
},
["activeTriggerMode"]=-10,
["init_completed"]=1,
["barColor"]={
[1]=0.71764705882353,
[2]=0.35686274509804,
[3]=0.71764705882353,
},
["stacks"]=false,
["height"]=20,
["displayTextLeft"]="  ",
},
[2]={
["yOffset"]=-200,
["width"]=260,
["id"]="集中3",
["backdropColor"]={
[4]=1,
},
["regionType"]="aurabar",
["border"]=true,
["trigger"]={
["power_operator"]=">=",
["custom_hide"]="timed",
["power"]="32",
["use_powertype"]=true,
["unevent"]="auto",
["powertype"]=17,
["use_power"]=true,
["event"]="Power",
["type"]="status",
["use_unit"]=true,
},
["fontFlags"]="OUTLINE",
["borderBackdrop"]="Blizzard Dialog Background Dark",
["init_started"]=1,
["borderOffset"]=11,
["backgroundColor"]={
[1]=0.37647058823529,
[2]=0.37254901960784,
[3]=0.36862745098039,
[4]=0.75452484190464,
},
["texture"]="Armory",
["disjunctive"]="all",
["displayTextRight"]=" ",
["icon"]=false,
["borderSize"]=1,
["borderColor"]={
[1]=0,
[2]=0,
[3]=0,
[4]=1,
},
["borderInset"]=7,
["timer"]=false,
["text"]=false,
["displayTextLeft"]="  ",
["load"]={
["difficulty"]={
["multi"]={
},
},
["faction"]={
["multi"]={
},
},
["class"]={
["single"]="DEMONHUNTER",
},
["talent"]={
["multi"]={
},
},
["race"]={
["multi"]={
},
},
["use_class"]=true,
["role"]={
["multi"]={
},
},
["talent2"]={
["multi"]={
},
},
["pvptalent"]={
["multi"]={
},
},
},
["numTriggers"]=1,
["stacks"]=false,
["init_completed"]=1,
["barColor"]={
[1]=0.92156862745098,
[2]=0.14117647058823,
[3]=0.18823529411765,
},
["height"]=20,
["activeTriggerMode"]=-10,
},
[3]={
["yOffset"]=-200,
["width"]=260,
["id"]="集中2",
["backdropColor"]={
[4]=1,
},
["regionType"]="aurabar",
["backgroundColor"]={
[1]=0.37647058823529,
[2]=0.37254901960784,
[3]=0.36862745098039,
[4]=0.75,
},
["trigger"]={
["power_operator"]=">=",
["custom_hide"]="timed",
["power"]="62",
["use_powertype"]=true,
["unevent"]="auto",
["powertype"]=17,
["use_power"]=true,
["event"]="Power",
["type"]="status",
["use_unit"]=true,
},
["fontFlags"]="OUTLINE",
["borderBackdrop"]="Blizzard Dialog Background Dark",
["init_started"]=1,
["borderOffset"]=11,
["borderSize"]=1,
["texture"]="Armory",
["disjunctive"]="all",
["displayTextRight"]=" ",
["icon"]=false,
["border"]=true,
["borderColor"]={
[1]=0,
[2]=0,
[3]=0,
[4]=1,
},
["borderInset"]=7,
["timer"]=false,
["text"]=false,
["numTriggers"]=1,
["load"]={
["difficulty"]={
["multi"]={
},
},
["faction"]={
["multi"]={
},
},
["class"]={
["single"]="DEMONHUNTER",
},
["talent"]={
["multi"]={
},
},
["race"]={
["multi"]={
},
},
["use_class"]=true,
["role"]={
["multi"]={
},
},
["talent2"]={
["multi"]={
},
},
["pvptalent"]={
["multi"]={
},
},
},
["activeTriggerMode"]=-10,
["init_completed"]=1,
["barColor"]={
[1]=0.93725490196078,
[2]=0.94509803921569,
[3]=0.36862745098039,
},
["stacks"]=false,
["height"]=20,
["displayTextLeft"]="  ",
},
[4]={
["yOffset"]=-200,
["width"]=260,
["id"]="集中1",
["backdropColor"]={
[4]=1,
},
["regionType"]="aurabar",
["backgroundColor"]={
[1]=0.37647058823529,
[2]=0.37254901960784,
[3]=0.36862745098039,
[4]=0.75,
},
["trigger"]={
["power_operator"]=">=",
["custom_hide"]="timed",
["power"]="82",
["use_powertype"]=true,
["unevent"]="auto",
["powertype"]=17,
["use_power"]=true,
["event"]="Power",
["type"]="status",
["use_unit"]=true,
},
["fontFlags"]="OUTLINE",
["borderBackdrop"]="Blizzard Dialog Background Dark",
["init_started"]=1,
["borderOffset"]=11,
["borderSize"]=1,
["texture"]="Armory",
["disjunctive"]="all",
["displayTextRight"]=" ",
["icon"]=false,
["border"]=true,
["borderColor"]={
[1]=0,
[2]=0,
[3]=0,
[4]=1,
},
["borderInset"]=7,
["timer"]=false,
["text"]=false,
["displayTextLeft"]="  ",
["load"]={
["difficulty"]={
["multi"]={
},
},
["faction"]={
["multi"]={
},
},
["class"]={
["single"]="DEMONHUNTER",
},
["talent"]={
["multi"]={
},
},
["race"]={
["multi"]={
},
},
["use_class"]=true,
["role"]={
["multi"]={
},
},
["talent2"]={
["multi"]={
},
},
["pvptalent"]={
["multi"]={
},
},
},
["numTriggers"]=1,
["stacks"]=false,
["init_completed"]=1,
["barColor"]={
[1]=0.32549019607843,
[2]=0.85098039215686,
[3]=0.29803921568628,
},
["height"]=20,
["activeTriggerMode"]=-10,
},
[5]={
["yOffset"]=-200,
["width"]=73.999984741211,
["displayText"]="%power\
",
["id"]="集中值数字",
["xOffset"]=-129,
["init_started"]=1,
["load"]={
["difficulty"]={
["multi"]={
},
},
["faction"]={
["multi"]={
},
},
["class"]={
["single"]="DEMONHUNTER",
["multi"]={
["HUNTER"]=true,
["DEMONHUNTER"]=true,
},
},
["talent"]={
["multi"]={
},
},
["race"]={
["multi"]={
},
},
["use_class"]=true,
["role"]={
["multi"]={
},
},
["talent2"]={
["multi"]={
},
},
["pvptalent"]={
["multi"]={
},
},
},
["regionType"]="text",
["selfPoint"]="LEFT",
["activeTriggerMode"]=0,
["init_completed"]=1,
["numTriggers"]=1,
["progressPrecision"]=0,
["trigger"]={
["power_operator"]=">",
["custom_hide"]="timed",
["power"]="0",
["use_powertype"]=true,
["unevent"]="auto",
["powertype"]=17,
["percentpower_operator"]=">",
["use_power"]=false,
["event"]="Power",
["type"]="status",
["use_percentpower"]=true,
["percentpower"]="0",
["use_unit"]=true,
},
["height"]=36.000064849854,
["fontSize"]=18,
},
[6]={
["yOffset"]=-200,
["width"]=5,
["init_started"]=1,
["color"]={
[1]=0,
[2]=0,
[3]=0,
},
["xOffset"]=-80,
["numTriggers"]=1,
["load"]={
["difficulty"]={
["multi"]={
},
},
["faction"]={
["multi"]={
},
},
["class"]={
["single"]="DEMONHUNTER",
},
["talent"]={
["multi"]={
},
},
["race"]={
["multi"]={
},
},
["use_class"]=true,
["role"]={
["multi"]={
},
},
["talent2"]={
["multi"]={
},
},
["pvptalent"]={
["multi"]={
},
},
},
["regionType"]="texture",
["frameStrata"]=4,
["activeTriggerMode"]=0,
["init_completed"]=1,
["rotation"]=90,
["trigger"]={
["use_alive"]=true,
["use_class"]=true,
["custom_hide"]="timed",
["event"]="Unit Characteristics",
["use_unit"]=true,
["class"]="DEMONHUNTER",
["type"]="status",
["unevent"]="auto",
},
["id"]="分段  1",
["height"]=30,
["texture"]="Interface\\AddOns\\WeakAuras\\Media\\Textures\\Square_White",
},
[7]={
["yOffset"]=-200,
["width"]=5,
["init_started"]=1,
["color"]={
[1]=0,
[2]=0,
[3]=0,
},
["xOffset"]=-30,
["numTriggers"]=1,
["load"]={
["difficulty"]={
["multi"]={
},
},
["faction"]={
["multi"]={
},
},
["class"]={
["single"]="DEMONHUNTER",
},
["talent"]={
["multi"]={
},
},
["race"]={
["multi"]={
},
},
["use_class"]=true,
["role"]={
["multi"]={
},
},
["talent2"]={
["multi"]={
},
},
["pvptalent"]={
["multi"]={
},
},
},
["regionType"]="texture",
["frameStrata"]=4,
["activeTriggerMode"]=0,
["init_completed"]=1,
["rotation"]=90,
["trigger"]={
["use_alive"]=true,
["use_class"]=true,
["custom_hide"]="timed",
["event"]="Unit Characteristics",
["use_unit"]=true,
["class"]="DEMONHUNTER",
["type"]="status",
["unevent"]="auto",
},
["id"]="分段  2",
["height"]=30,
["texture"]="Interface\\AddOns\\WeakAuras\\Media\\Textures\\Square_White",
},
[8]={
["yOffset"]=-200,
["width"]=5,
["init_started"]=1,
["color"]={
[1]=0,
[2]=0,
[3]=0,
},
["xOffset"]=70,
["load"]={
["difficulty"]={
["multi"]={
},
},
["faction"]={
["multi"]={
},
},
["class"]={
["single"]="DEMONHUNTER",
},
["talent"]={
["multi"]={
},
},
["race"]={
["multi"]={
},
},
["use_class"]=true,
["role"]={
["multi"]={
},
},
["talent2"]={
["multi"]={
},
},
["pvptalent"]={
["multi"]={
},
},
},
["regionType"]="texture",
["numTriggers"]=1,
["activeTriggerMode"]=0,
["init_completed"]=1,
["rotation"]=90,
["trigger"]={
["use_alive"]=true,
["use_class"]=true,
["custom_hide"]="timed",
["event"]="Unit Characteristics",
["use_unit"]=true,
["class"]="DEMONHUNTER",
["type"]="status",
["unevent"]="auto",
},
["id"]="分段  3",
["height"]=30,
["texture"]="Interface\\AddOns\\WeakAuras\\Media\\Textures\\Square_White",
},
},
}